/* Order */
a:has(span) {
  @apply invisible align-middle text-sm font-extralight italic opacity-0;
}

/* Spacing */
body {
  @apply mx-2 gap-1 p-1;
}

/* Variant group */
div:empty {
  @apply m-2 bg-white font-light hover:(bg-gray-400 font-medium);
}

/* Variant group merging */
body > #app {
  @apply hover:(bg-gray-400 font-light font-medium);
}
body > #app {
  --at-apply: hover:(bg-gray-400 font-light font-medium);
}

/* Unknown rule */
#icon {
  @apply i-ph-arrow-u-down-left inline-block size-3.5 v-middle;
}
