<div
  class="
      invisible invisible cursor-pointer cursor-pointer align-middle
      align-middle text-sm text-sm font-extralight font-extralight italic italic
      opacity-0 opacity-0 transition-all transition-all
      hover:(
        invisible cursor-pointer align-middle text-sm font-extralight italic
        opacity-0 transition-all
      )
    "
></div>

<div
  class="invisible invisible cursor-pointer cursor-pointer align-middle"
></div>

<p class="cursor-alias accent-amber"></p>

<style>
  body {
    @apply mx-2 gap-1 p-1;
  }
</style>
